// Jest Snapshot v1, https://goo.gl/fbAQLP

exports[`Header snapshot test should render header unchanged 1`] = `
<div>
  <header
    class="header-outer-box MuiBox-root css-0"
  >
    <div
      class="header-inner-box MuiBox-root css-0"
    >
      <a
        class="MuiTypography-root MuiTypography-inherit MuiLink-root MuiLink-underlineAlways title-link css-1xylxj1-MuiTypography-root-MuiLink-root"
        href="/"
      >
        OpenBC
      </a>
      <div
        class="MuiTabs-root css-1ujnqem-MuiTabs-root"
      >
        <div
          class="MuiTabs-scroller MuiTabs-fixed css-jpln7h-MuiTabs-scroller"
          style="overflow: hidden; margin-bottom: 0px;"
        >
          <div
            class="MuiTabs-flexContainer css-heg063-MuiTabs-flexContainer"
            role="tablist"
          >
            <a
              aria-selected="false"
              class="MuiTypography-root MuiTypography-inherit MuiLink-root MuiLink-underlineAlways MuiButtonBase-root MuiTab-root MuiTab-textColorPrimary header-tab css-16hexql-MuiTypography-root-MuiLink-root-MuiButtonBase-root-MuiTab-root"
              href="/projects"
              role="button"
              tabindex="0"
            >
              Projects
              <span
                class="MuiTouchRipple-root css-8je8zh-MuiTouchRipple-root"
              />
            </a>
            <a
              aria-selected="false"
              class="MuiTypography-root MuiTypography-inherit MuiLink-root MuiLink-underlineAlways MuiButtonBase-root MuiTab-root MuiTab-textColorPrimary header-tab css-16hexql-MuiTypography-root-MuiLink-root-MuiButtonBase-root-MuiTab-root"
              href="/join-us"
              role="button"
              tabindex="-1"
            >
              Join Us
              <span
                class="MuiTouchRipple-root css-8je8zh-MuiTouchRipple-root"
              />
            </a>
            <a
              aria-selected="false"
              class="MuiTypography-root MuiTypography-inherit MuiLink-root MuiLink-underlineAlways MuiButtonBase-root MuiTab-root MuiTab-textColorPrimary header-tab css-16hexql-MuiTypography-root-MuiLink-root-MuiButtonBase-root-MuiTab-root"
              href="/about"
              role="button"
              tabindex="-1"
            >
              About
              <span
                class="MuiTouchRipple-root css-8je8zh-MuiTouchRipple-root"
              />
            </a>
          </div>
          <span
            class="MuiTabs-indicator css-1aquho2-MuiTabs-indicator"
            style="left: 0px; width: 0px;"
          />
        </div>
      </div>
      <nav
        class="header-nav MuiBox-root css-0"
      />
    </div>
  </header>
</div>
`;
